******************************************************************************
                  TI ARM Linker Unix v18.1.2                   
******************************************************************************
>> Linked Tue Feb  1 00:05:17 2022

OUTPUT FILE NAME:   <BOLT_IV_MCU.out>
ENTRY POINT SYMBOL: "_c_int00_noargs"  address: 00002625


MEMORY CONFIGURATION

         name            origin    length      used     unused   attr    fill
----------------------  --------  ---------  --------  --------  ----  --------
  FLASH                 00000000   00100000  00002a30  000fd5d0  R  X
  SRAM                  20000000   00040000  00000300  0003fd00  RW X


SEGMENT ALLOCATION MAP

run origin  load origin   length   init length attrs members
----------  ----------- ---------- ----------- ----- -------
00000000    00000000    00002a30   00002a30    r-x
  00000000    00000000    00000208   00000208    r-- .intvecs
  00000208    00000208    00002550   00002550    r-x .text
  00002758    00002758    00000288   00000288    r-- .const
  000029e0    000029e0    00000050   00000050    r-- .cinit
20000000    20000000    00000300   00000000    rw-
  20000000    20000000    00000200   00000000    rw- .stack
  20000200    20000200    000000b8   00000000    rw- .bss
  200002b8    200002b8    00000048   00000000    rw- .data


SECTION ALLOCATION MAP

 output                                  attributes/
section   page    origin      length       input sections
--------  ----  ----------  ----------   ----------------
.intvecs   0    00000000    00000208     
                  00000000    00000208     startup_msp432e401y_ccs.obj (.intvecs:retain)

.text      0    00000208    00002550     
                  00000208    000015bc     main.obj (.text)
                  000017c4    000004dc     uartstdio.obj (.text)
                  00001ca0    000001f0     msp432e4_driverlib.a : sysctl_MSP432E411Y.obj (.text:SysCtlClockFreqSet)
                  00001e90    00000136     rtsv7M4_T_le_v4SPD16_eabi.lib : fd_div_t2.asm.obj (.text)
                  00001fc6    00000130     msp432e4_driverlib.a : gpio_MSP432E411Y.obj (.text:GPIOPadConfigSet)
                  000020f6    00000002     rtsv7M4_T_le_v4SPD16_eabi.lib : div0.asm.obj (.text)
                  000020f8    0000011c     system_msp432e401y.obj (.text)
                  00002214    000000fc     rtsv7M4_T_le_v4SPD16_eabi.lib : fd_mul_t2.asm.obj (.text)
                  00002310    0000009c                                   : memcpy_t2.asm.obj (.text)
                  000023ac    00000084     msp432e4_driverlib.a : adc_MSP432E411Y.obj (.text:ADCSequenceStepConfigure)
                  00002430    0000007a     rtsv7M4_T_le_v4SPD16_eabi.lib : memset_t2.asm.obj (.text)
                  000024aa    00000068                                   : copy_decompress_lzss.c.obj (.text:decompress:lzss:__TI_decompress_lzss)
                  00002512    00000002     --HOLE-- [fill = 0]
                  00002514    00000048     msp432e4_driverlib.a : sysctl_MSP432E411Y.obj (.text:_SysCtlFrequencyGet)
                  0000255c    00000044     rtsv7M4_T_le_v4SPD16_eabi.lib : autoinit.c.obj (.text:__TI_auto_init_nobinit_nopinit:__TI_auto_init_nobinit_nopinit)
                  000025a0    00000044                                   : fd_tou_t2.asm.obj (.text)
                  000025e4    00000040                                   : u_divt2.asm.obj (.text)
                  00002624    00000038                                   : boot_cortex_m.c.obj (.text:_c_int00_noargs:_c_int00_noargs)
                  0000265c    00000038                                   : fs_tod_t2.asm.obj (.text)
                  00002694    0000002c     msp432e4_driverlib.a : gpio_MSP432E411Y.obj (.text:GPIODirModeSet)
                  000026c0    0000002c                          : gpio_MSP432E411Y.obj (.text:GPIOPinConfigure)
                  000026ec    00000020                          : sysctl_MSP432E411Y.obj (.text:_SysCtlMemTimingGet)
                  0000270c    00000016                          : gpio_MSP432E411Y.obj (.text:GPIOPinTypeCAN)
                  00002722    00000012     rtsv7M4_T_le_v4SPD16_eabi.lib : copy_zero_init.c.obj (.text:decompress:ZI:__TI_zero_init_nomemset:__TI_zero_init_nomemset)
                  00002734    0000000e                                   : copy_decompress_none.c.obj (.text:decompress:none:__TI_decompress_none)
                  00002742    0000000e     startup_msp432e401y_ccs.obj (.text)
                  00002750    00000004     rtsv7M4_T_le_v4SPD16_eabi.lib : pre_init.c.obj (.text:_system_pre_init)
                  00002754    00000004                                   : exit.c.obj (.text:abort:abort)

.const     0    00002758    00000288     
                  00002758    000001b0     msp432e4_driverlib.a : sysctl_MSP432E411Y.obj (.const:g_pppui32XTALtoVCO)
                  00002908    00000048                          : gpio_MSP432E411Y.obj (.const:g_pui32GPIOBaseAddrs)
                  00002950    00000030                          : sysctl_MSP432E411Y.obj (.const:g_sXTALtoMEMTIM)
                  00002980    00000028                          : sysctl_MSP432E411Y.obj (.const:g_pui32Xtals)
                  000029a8    00000012     uartstdio.obj (.const:.string)
                  000029ba    00000002     --HOLE-- [fill = 0]
                  000029bc    0000000c     uartstdio.obj (.const:g_ui32UARTBase)
                  000029c8    0000000c     uartstdio.obj (.const:g_ui32UARTPeriph)
                  000029d4    00000008     msp432e4_driverlib.a : sysctl_MSP432E411Y.obj (.const:g_pui32VCOFrequencies)
                  000029dc    00000004     uartstdio.obj (.const)

.cinit     0    000029e0    00000050     
                  000029e0    0000002c     (.cinit..data.load) [load image, compression = lzss]
                  00002a0c    0000000c     (__TI_handler_table)
                  00002a18    00000008     (.cinit..bss.load) [load image, compression = zero_init]
                  00002a20    00000010     (__TI_cinit_table)

.init_array 
*          0    00000000    00000000     UNINITIALIZED

.bss       0    20000200    000000b8     UNINITIALIZED
                  20000200    0000005a     (.common:gIMUData)
                  2000025a    0000003a     main.obj (.bss:CANData$1)
                  20000294    0000000c     (.common:gIMUReceiveBuf)
                  200002a0    00000008     (.common:auxVoltage)
                  200002a8    00000008     (.common:pumpVoltage)
                  200002b0    00000004     (.common:g_ui32Flags)
                  200002b4    00000004     (.common:systemClock)

.data      0    200002b8    00000048     UNINITIALIZED
                  200002b8    0000003c     main.obj (.data)
                  200002f4    00000005     uartstdio.obj (.data)
                  200002f9    00000003     --HOLE--
                  200002fc    00000004     system_msp432e401y.obj (.data)

.stack     0    20000000    00000200     UNINITIALIZED
                  20000000    00000004     rtsv7M4_T_le_v4SPD16_eabi.lib : boot_cortex_m.c.obj (.stack)
                  20000004    000001fc     --HOLE--

MODULE SUMMARY

       Module                        code   ro data   rw data
       ------                        ----   -------   -------
    ./
       main.obj                      5564   0         244    
       uartstdio.obj                 1244   46        5      
       startup_msp432e401y_ccs.obj   14     520       0      
       system_msp432e401y.obj        284    0         4      
    +--+-----------------------------+------+---------+---------+
       Total:                        7106   566       253    
                                                             
    /home/test/ccs8/ccsv8/tools/compiler/ti-cgt-arm_18.1.2.LTS/lib/rtsv7M4_T_le_v4SPD16_eabi.lib
       fd_div_t2.asm.obj             310    0         0      
       fd_mul_t2.asm.obj             252    0         0      
       memcpy_t2.asm.obj             156    0         0      
       memset_t2.asm.obj             122    0         0      
       copy_decompress_lzss.c.obj    104    0         0      
       autoinit.c.obj                68     0         0      
       fd_tou_t2.asm.obj             68     0         0      
       u_divt2.asm.obj               64     0         0      
       boot_cortex_m.c.obj           56     0         0      
       fs_tod_t2.asm.obj             56     0         0      
       copy_zero_init.c.obj          18     0         0      
       copy_decompress_none.c.obj    14     0         0      
       exit.c.obj                    4      0         0      
       pre_init.c.obj                4      0         0      
       div0.asm.obj                  2      0         0      
    +--+-----------------------------+------+---------+---------+
       Total:                        1298   0         0      
                                                             
    /home/test/ti/simplelink_msp432e4_sdk_2_30_00_14/source/ti/devices/msp432e4/driverlib/lib/ccs/m4f/msp432e4_driverlib.a
       sysctl_MSP432E411Y.obj        600    528       0      
       gpio_MSP432E411Y.obj          414    72        0      
       adc_MSP432E411Y.obj           132    0         0      
    +--+-----------------------------+------+---------+---------+
       Total:                        1146   600       0      
                                                             
       Stack:                        0      0         512    
       Linker Generated:             0      80        0      
    +--+-----------------------------+------+---------+---------+
       Grand Total:                  9550   1246      765    


LINKER GENERATED COPY TABLES

__TI_cinit_table @ 00002a20 records: 2, size/record: 8, table size: 16
	.data: load addr=000029e0, load size=0000002c bytes, run addr=200002b8, run size=00000048 bytes, compression=lzss
	.bss: load addr=00002a18, load size=00000008 bytes, run addr=20000200, run size=000000b8 bytes, compression=zero_init


LINKER GENERATED HANDLER TABLE

__TI_handler_table @ 00002a0c records: 3, size/record: 4, table size: 12
	index: 0, handler: __TI_decompress_lzss
	index: 1, handler: __TI_decompress_none
	index: 2, handler: __TI_zero_init


GLOBAL SYMBOLS: SORTED ALPHABETICALLY BY Name 

address   name                          
-------   ----                          
0000274f  ADC0SS0_IRQHandler            
0000274f  ADC0SS1_IRQHandler            
0000274f  ADC0SS2_IRQHandler            
0000274f  ADC0SS3_IRQHandler            
0000274f  ADC1SS0_IRQHandler            
0000274f  ADC1SS1_IRQHandler            
0000274f  ADC1SS2_IRQHandler            
0000274f  ADC1SS3_IRQHandler            
000023ad  ADCSequenceStepConfigure      
00000941  ADCSetup                      
0000274f  AES0_IRQHandler               
0000274f  BusFault_Handler              
00002755  C$$EXIT                       
000011a9  CAN0_IRQHandler               
000011a9  CAN0_IRQHandler               
0000274f  CAN1_IRQHandler               
200002c6  CANCount                      
0000274f  COMP0_IRQHandler              
0000274f  COMP1_IRQHandler              
0000274f  COMP2_IRQHandler              
0000085d  DEPoll                        
0000274f  DES0_IRQHandler               
0000274f  DebugMon_Handler              
0000274f  Default_Handler               
0000274f  EMAC0_IRQHandler              
0000274f  EPI0_IRQHandler               
0000274f  FLASH_IRQHandler              
0000274f  GPIOA_IRQHandler              
0000274f  GPIOB_IRQHandler              
0000274f  GPIOC_IRQHandler              
0000274f  GPIOD_IRQHandler              
00002695  GPIODirModeSet                
0000274f  GPIOE_IRQHandler              
0000274f  GPIOF_IRQHandler              
0000274f  GPIOG_IRQHandler              
0000274f  GPIOH_IRQHandler              
0000274f  GPIOJ_IRQHandler              
0000274f  GPIOK_IRQHandler              
0000274f  GPIOL_IRQHandler              
0000274f  GPIOM_IRQHandler              
0000274f  GPION_IRQHandler              
0000274f  GPIOP0_IRQHandler             
0000274f  GPIOP1_IRQHandler             
0000274f  GPIOP2_IRQHandler             
0000274f  GPIOP3_IRQHandler             
0000274f  GPIOP4_IRQHandler             
0000274f  GPIOP5_IRQHandler             
0000274f  GPIOP6_IRQHandler             
0000274f  GPIOP7_IRQHandler             
00001fc7  GPIOPadConfigSet              
000026c1  GPIOPinConfigure              
0000270d  GPIOPinTypeCAN                
0000274f  GPIOQ0_IRQHandler             
0000274f  GPIOQ1_IRQHandler             
0000274f  GPIOQ2_IRQHandler             
0000274f  GPIOQ3_IRQHandler             
0000274f  GPIOQ4_IRQHandler             
0000274f  GPIOQ5_IRQHandler             
0000274f  GPIOQ6_IRQHandler             
0000274f  GPIOQ7_IRQHandler             
0000274f  HIBERNATE_IRQHandler          
0000274f  HardFault_Handler             
0000274f  I2C0_IRQHandler               
0000274f  I2C1_IRQHandler               
0000274f  I2C2_IRQHandler               
0000274f  I2C3_IRQHandler               
0000274f  I2C4_IRQHandler               
0000274f  I2C5_IRQHandler               
0000274f  I2C6_IRQHandler               
0000274f  I2C7_IRQHandler               
0000274f  I2C8_IRQHandler               
0000274f  I2C9_IRQHandler               
0000274f  MemManage_Handler             
0000274f  NMI_Handler                   
0000274f  PWM0_0_IRQHandler             
0000274f  PWM0_1_IRQHandler             
0000274f  PWM0_2_IRQHandler             
0000274f  PWM0_3_IRQHandler             
0000274f  PWM0_FAULT_IRQHandler         
0000274f  PendSV_Handler                
0000274f  QEI0_IRQHandler               
00002743  Reset_Handler                 
0000274f  SHA0_IRQHandler               
0000274f  SSI0_IRQHandler               
0000274f  SSI1_IRQHandler               
0000274f  SSI2_IRQHandler               
0000274f  SSI3_IRQHandler               
0000274f  SVC_Handler                   
0000274f  SYSCTL_IRQHandler             
0000274f  SYSEXC_IRQHandler             
00001ca1  SysCtlClockFreqSet            
0000274f  SysTick_Handler               
200002fc  SystemCoreClock               
000020f9  SystemCoreClockUpdate         
000021e7  SystemInit                    
0000274f  TAMPER0_IRQHandler            
0000274f  TIMER0A_IRQHandler            
0000274f  TIMER0B_IRQHandler            
0000167b  TIMER1A_IRQHandler            
0000167b  TIMER1A_IRQHandler            
0000274f  TIMER1B_IRQHandler            
0000274f  TIMER2A_IRQHandler            
0000274f  TIMER2B_IRQHandler            
0000274f  TIMER3A_IRQHandler            
0000274f  TIMER3B_IRQHandler            
0000274f  TIMER4A_IRQHandler            
0000274f  TIMER4B_IRQHandler            
0000274f  TIMER5A_IRQHandler            
0000274f  TIMER5B_IRQHandler            
0000274f  TIMER6A_IRQHandler            
0000274f  TIMER6B_IRQHandler            
0000274f  TIMER7A_IRQHandler            
0000274f  TIMER7B_IRQHandler            
0000274f  UART0_IRQHandler              
0000274f  UART1_IRQHandler              
0000274f  UART2_IRQHandler              
0000274f  UART3_IRQHandler              
0000274f  UART4_IRQHandler              
0000274f  UART5_IRQHandler              
00000b55  UART6Setup                    
00001725  UART6_IRQHandler              
00001725  UART6_IRQHandler              
00000bc1  UART7Setup                    
0000274f  UART7_IRQHandler              
0000090d  UARTSendChar                  
000008a9  UARTSendCharNonBlocking       
000008d5  UARTSendStr                   
00000879  UARTSendStrNonBlocking        
000017c5  UARTStdioConfig               
0000193d  UARTgetc                      
00001877  UARTgets                      
00001c6b  UARTprintf                    
00001971  UARTvprintf                   
00001825  UARTwrite                     
0000274f  UDMAERR_IRQHandler            
0000274f  UDMA_IRQHandler               
0000274f  USB0_IRQHandler               
0000274f  UsageFault_Handler            
0000274f  WATCHDOG_IRQHandler           
20000200  __STACK_END                   
00000200  __STACK_SIZE                  
20000200  __STACK_TOP                   
00002a20  __TI_CINIT_Base               
00002a30  __TI_CINIT_Limit              
00002a0c  __TI_Handler_Table_Base       
00002a18  __TI_Handler_Table_Limit      
0000255d  __TI_auto_init_nobinit_nopinit
000024ab  __TI_decompress_lzss          
00002735  __TI_decompress_none          
ffffffff  __TI_pprof_out_hndl           
ffffffff  __TI_prof_data_size           
ffffffff  __TI_prof_data_start          
00000000  __TI_static_base__            
00002723  __TI_zero_init_nomemset       
000025a1  __aeabi_d2uiz                 
00001e91  __aeabi_ddiv                  
00002215  __aeabi_dmul                  
0000265d  __aeabi_f2d                   
000020f7  __aeabi_idiv0                 
000020f7  __aeabi_ldiv0                 
00002431  __aeabi_memclr                
00002431  __aeabi_memclr4               
00002431  __aeabi_memclr8               
00002311  __aeabi_memcpy                
00002311  __aeabi_memcpy4               
00002311  __aeabi_memcpy8               
00002433  __aeabi_memset                
00002433  __aeabi_memset4               
00002433  __aeabi_memset8               
000025e5  __aeabi_uidiv                 
000025e5  __aeabi_uidivmod              
ffffffff  __binit__                     
ffffffff  __c_args__                    
UNDEFED   __mpu_init                    
20000000  __stack                       
00002625  _c_int00_noargs               
UNDEFED   _system_post_cinit            
00002751  _system_pre_init              
00002755  abort                         
00000581  accIgnDESetup                 
00000791  accPoll                       
00000a69  auxADCSend                    
200002a0  auxVoltage                    
ffffffff  binit                         
00000f0d  canReceive                    
00000d4d  canSetup                      
00000db9  configureCAN                  
0000113d  convertToASCII                
200002cc  debounceCounter               
00000ce1  enableUARTprintf              
200002b9  errFlag                       
200002c0  gIMUBufIndex                  
20000200  gIMUData                      
20000294  gIMUReceiveBuf                
200002b0  g_ui32Flags                   
200002c7  g_ui8canFlag                  
200002c5  g_ui8xbeeFlag                 
000007ad  ignitDebounce                 
0000083b  ignitPoll                     
00001411  imuParse                      
00000c0d  initTimers                    
200002c8  intTimer1_flag                
00000000  interruptVectors              
00000209  main                          
00002311  memcpy                        
00002439  memset                        
200002c4  msCount                       
200002bc  msgCount                      
00000b03  pumpADCSend                   
200002a8  pumpVoltage                   
200002b8  rxMsg                         
200002b4  systemClock                   
00000c95  timerRun                      
00000c6d  timerSetup                    
00001239  xbeeTransmit                  


GLOBAL SYMBOLS: SORTED BY Symbol Address 

address   name                          
-------   ----                          
00000000  __TI_static_base__            
00000000  interruptVectors              
00000200  __STACK_SIZE                  
00000209  main                          
00000581  accIgnDESetup                 
00000791  accPoll                       
000007ad  ignitDebounce                 
0000083b  ignitPoll                     
0000085d  DEPoll                        
00000879  UARTSendStrNonBlocking        
000008a9  UARTSendCharNonBlocking       
000008d5  UARTSendStr                   
0000090d  UARTSendChar                  
00000941  ADCSetup                      
00000a69  auxADCSend                    
00000b03  pumpADCSend                   
00000b55  UART6Setup                    
00000bc1  UART7Setup                    
00000c0d  initTimers                    
00000c6d  timerSetup                    
00000c95  timerRun                      
00000ce1  enableUARTprintf              
00000d4d  canSetup                      
00000db9  configureCAN                  
00000f0d  canReceive                    
0000113d  convertToASCII                
000011a9  CAN0_IRQHandler               
000011a9  CAN0_IRQHandler               
00001239  xbeeTransmit                  
00001411  imuParse                      
0000167b  TIMER1A_IRQHandler            
0000167b  TIMER1A_IRQHandler            
00001725  UART6_IRQHandler              
00001725  UART6_IRQHandler              
000017c5  UARTStdioConfig               
00001825  UARTwrite                     
00001877  UARTgets                      
0000193d  UARTgetc                      
00001971  UARTvprintf                   
00001c6b  UARTprintf                    
00001ca1  SysCtlClockFreqSet            
00001e91  __aeabi_ddiv                  
00001fc7  GPIOPadConfigSet              
000020f7  __aeabi_idiv0                 
000020f7  __aeabi_ldiv0                 
000020f9  SystemCoreClockUpdate         
000021e7  SystemInit                    
00002215  __aeabi_dmul                  
00002311  __aeabi_memcpy                
00002311  __aeabi_memcpy4               
00002311  __aeabi_memcpy8               
00002311  memcpy                        
000023ad  ADCSequenceStepConfigure      
00002431  __aeabi_memclr                
00002431  __aeabi_memclr4               
00002431  __aeabi_memclr8               
00002433  __aeabi_memset                
00002433  __aeabi_memset4               
00002433  __aeabi_memset8               
00002439  memset                        
000024ab  __TI_decompress_lzss          
0000255d  __TI_auto_init_nobinit_nopinit
000025a1  __aeabi_d2uiz                 
000025e5  __aeabi_uidiv                 
000025e5  __aeabi_uidivmod              
00002625  _c_int00_noargs               
0000265d  __aeabi_f2d                   
00002695  GPIODirModeSet                
000026c1  GPIOPinConfigure              
0000270d  GPIOPinTypeCAN                
00002723  __TI_zero_init_nomemset       
00002735  __TI_decompress_none          
00002743  Reset_Handler                 
0000274f  ADC0SS0_IRQHandler            
0000274f  ADC0SS1_IRQHandler            
0000274f  ADC0SS2_IRQHandler            
0000274f  ADC0SS3_IRQHandler            
0000274f  ADC1SS0_IRQHandler            
0000274f  ADC1SS1_IRQHandler            
0000274f  ADC1SS2_IRQHandler            
0000274f  ADC1SS3_IRQHandler            
0000274f  AES0_IRQHandler               
0000274f  BusFault_Handler              
0000274f  CAN1_IRQHandler               
0000274f  COMP0_IRQHandler              
0000274f  COMP1_IRQHandler              
0000274f  COMP2_IRQHandler              
0000274f  DES0_IRQHandler               
0000274f  DebugMon_Handler              
0000274f  Default_Handler               
0000274f  EMAC0_IRQHandler              
0000274f  EPI0_IRQHandler               
0000274f  FLASH_IRQHandler              
0000274f  GPIOA_IRQHandler              
0000274f  GPIOB_IRQHandler              
0000274f  GPIOC_IRQHandler              
0000274f  GPIOD_IRQHandler              
0000274f  GPIOE_IRQHandler              
0000274f  GPIOF_IRQHandler              
0000274f  GPIOG_IRQHandler              
0000274f  GPIOH_IRQHandler              
0000274f  GPIOJ_IRQHandler              
0000274f  GPIOK_IRQHandler              
0000274f  GPIOL_IRQHandler              
0000274f  GPIOM_IRQHandler              
0000274f  GPION_IRQHandler              
0000274f  GPIOP0_IRQHandler             
0000274f  GPIOP1_IRQHandler             
0000274f  GPIOP2_IRQHandler             
0000274f  GPIOP3_IRQHandler             
0000274f  GPIOP4_IRQHandler             
0000274f  GPIOP5_IRQHandler             
0000274f  GPIOP6_IRQHandler             
0000274f  GPIOP7_IRQHandler             
0000274f  GPIOQ0_IRQHandler             
0000274f  GPIOQ1_IRQHandler             
0000274f  GPIOQ2_IRQHandler             
0000274f  GPIOQ3_IRQHandler             
0000274f  GPIOQ4_IRQHandler             
0000274f  GPIOQ5_IRQHandler             
0000274f  GPIOQ6_IRQHandler             
0000274f  GPIOQ7_IRQHandler             
0000274f  HIBERNATE_IRQHandler          
0000274f  HardFault_Handler             
0000274f  I2C0_IRQHandler               
0000274f  I2C1_IRQHandler               
0000274f  I2C2_IRQHandler               
0000274f  I2C3_IRQHandler               
0000274f  I2C4_IRQHandler               
0000274f  I2C5_IRQHandler               
0000274f  I2C6_IRQHandler               
0000274f  I2C7_IRQHandler               
0000274f  I2C8_IRQHandler               
0000274f  I2C9_IRQHandler               
0000274f  MemManage_Handler             
0000274f  NMI_Handler                   
0000274f  PWM0_0_IRQHandler             
0000274f  PWM0_1_IRQHandler             
0000274f  PWM0_2_IRQHandler             
0000274f  PWM0_3_IRQHandler             
0000274f  PWM0_FAULT_IRQHandler         
0000274f  PendSV_Handler                
0000274f  QEI0_IRQHandler               
0000274f  SHA0_IRQHandler               
0000274f  SSI0_IRQHandler               
0000274f  SSI1_IRQHandler               
0000274f  SSI2_IRQHandler               
0000274f  SSI3_IRQHandler               
0000274f  SVC_Handler                   
0000274f  SYSCTL_IRQHandler             
0000274f  SYSEXC_IRQHandler             
0000274f  SysTick_Handler               
0000274f  TAMPER0_IRQHandler            
0000274f  TIMER0A_IRQHandler            
0000274f  TIMER0B_IRQHandler            
0000274f  TIMER1B_IRQHandler            
0000274f  TIMER2A_IRQHandler            
0000274f  TIMER2B_IRQHandler            
0000274f  TIMER3A_IRQHandler            
0000274f  TIMER3B_IRQHandler            
0000274f  TIMER4A_IRQHandler            
0000274f  TIMER4B_IRQHandler            
0000274f  TIMER5A_IRQHandler            
0000274f  TIMER5B_IRQHandler            
0000274f  TIMER6A_IRQHandler            
0000274f  TIMER6B_IRQHandler            
0000274f  TIMER7A_IRQHandler            
0000274f  TIMER7B_IRQHandler            
0000274f  UART0_IRQHandler              
0000274f  UART1_IRQHandler              
0000274f  UART2_IRQHandler              
0000274f  UART3_IRQHandler              
0000274f  UART4_IRQHandler              
0000274f  UART5_IRQHandler              
0000274f  UART7_IRQHandler              
0000274f  UDMAERR_IRQHandler            
0000274f  UDMA_IRQHandler               
0000274f  USB0_IRQHandler               
0000274f  UsageFault_Handler            
0000274f  WATCHDOG_IRQHandler           
00002751  _system_pre_init              
00002755  C$$EXIT                       
00002755  abort                         
00002a0c  __TI_Handler_Table_Base       
00002a18  __TI_Handler_Table_Limit      
00002a20  __TI_CINIT_Base               
00002a30  __TI_CINIT_Limit              
20000000  __stack                       
20000200  __STACK_END                   
20000200  __STACK_TOP                   
20000200  gIMUData                      
20000294  gIMUReceiveBuf                
200002a0  auxVoltage                    
200002a8  pumpVoltage                   
200002b0  g_ui32Flags                   
200002b4  systemClock                   
200002b8  rxMsg                         
200002b9  errFlag                       
200002bc  msgCount                      
200002c0  gIMUBufIndex                  
200002c4  msCount                       
200002c5  g_ui8xbeeFlag                 
200002c6  CANCount                      
200002c7  g_ui8canFlag                  
200002c8  intTimer1_flag                
200002cc  debounceCounter               
200002fc  SystemCoreClock               
ffffffff  __TI_pprof_out_hndl           
ffffffff  __TI_prof_data_size           
ffffffff  __TI_prof_data_start          
ffffffff  __binit__                     
ffffffff  __c_args__                    
ffffffff  binit                         
UNDEFED   __mpu_init                    
UNDEFED   _system_post_cinit            

[215 symbols]
